// Jest Snapshot v1, https://goo.gl/fbAQLP

exports['Mapping renders correctly with HexGrid 1'] = 'ReactWrapper {}'
