// Jest Snapshot v1, https://goo.gl/fbAQLP

exports[`SearchList component: renders correctly 1`] = `
<div
  className="searchlist"
>
  <section
    className="input-container disable-offset fullwidth"
  >
    <div
      className="MuiFormControl-root MuiTextField-root MuiFormControl-fullWidth"
    >
      <div
        className="MuiInputBase-root MuiInput-root makeStyles-root-4 makeStyles-root-6 MuiInput-underline makeStyles-underline-5 makeStyles-underline-7 MuiInputBase-fullWidth MuiInput-fullWidth MuiInputBase-formControl MuiInput-formControl"
        onClick={[Function]}
      >
        <input
          aria-invalid={false}
          autoFocus={false}
          className="MuiInputBase-input MuiInput-input"
          disabled={false}
          name=""
          onAnimationStart={[Function]}
          onBlur={[Function]}
          onChange={[Function]}
          onFocus={[Function]}
          placeholder="Select template"
          required={false}
          type="text"
          value=""
        />
      </div>
    </div>
  </section>
  <div
    className="searchlist-list searchlist-list"
  >
    <span
      className="searchlist-row active"
      onClick={[Function]}
    >
      <span>
        Label
      </span>
      <div
        className="searchlist-menu"
      />
    </span>
    <span
      className="searchlist-row active"
      onClick={[Function]}
    >
      <span>
        Label
      </span>
      <div
        className="searchlist-menu"
      />
    </span>
    <span
      className="searchlist-row active"
      onClick={[Function]}
    >
      <span>
        Label
      </span>
      <div
        className="searchlist-menu"
      />
    </span>
    <span
      className="searchlist-row active"
      onClick={[Function]}
    >
      <span>
        Label
      </span>
      <div
        className="searchlist-menu"
      />
    </span>
  </div>
</div>
`;
