// Jest Snapshot v1, https://goo.gl/fbAQLP

exports[`AdminLogin component: renders correctly 1`] = `
Array [
  <h2
    className="login-form-head"
  >
    Password
  </h2>,
  <div
    style={
      Object {
        "marginBottom": 16,
      }
    }
  >
    <section
      className="input-container disable-offset"
    >
      <div
        className="MuiBox-root MuiBox-root-8 input-label"
      >
        Password
      </div>
      <div
        className="MuiFormControl-root MuiTextField-root MuiFormControl-fullWidth"
        onKeyPress={[Function]}
      >
        <div
          className="MuiInputBase-root MuiFilledInput-root makeStyles-root-1 MuiInputBase-fullWidth MuiInputBase-formControl"
          onClick={[Function]}
        >
          <input
            aria-invalid={false}
            autoFocus={false}
            className="MuiInputBase-input MuiFilledInput-input makeStyles-input-2"
            disabled={false}
            name="password"
            onAnimationStart={[Function]}
            onBlur={[Function]}
            onChange={[Function]}
            onFocus={[Function]}
            required={false}
            type="password"
            value=""
          />
        </div>
      </div>
    </section>
  </div>,
  <button
    className="MuiButtonBase-root MuiButton-root makeStyles-root-9 makeStyles-root-11 MuiButton-contained makeStyles-contained-10 makeStyles-contained-12 MuiButton-containedSecondary"
    disabled={false}
    onBlur={[Function]}
    onClick={[Function]}
    onDragLeave={[Function]}
    onFocus={[Function]}
    onKeyDown={[Function]}
    onKeyUp={[Function]}
    onMouseDown={[Function]}
    onMouseLeave={[Function]}
    onMouseUp={[Function]}
    onTouchEnd={[Function]}
    onTouchMove={[Function]}
    onTouchStart={[Function]}
    tabIndex={0}
    type="button"
  >
    <span
      className="MuiButton-label"
    >
      Enter
    </span>
  </button>,
]
`;
