// Jest Snapshot v1, https://goo.gl/fbAQLP

exports[`ChannelMessagesList component:  renders component correctly 1`] = `
<div
  className="messages-list"
  onScroll={[Function]}
  style={
    Object {
      "zIndex": 9,
    }
  }
>
  <div
    className="MuiPaper-root-99 MuiPaper-elevation2-103 MuiPaper-rounded-100"
    style={
      Object {
        "position": "relative",
      }
    }
  >
    <div
      className="MuiToolbar-root-132 MuiToolbar-regular-134 MuiToolbar-gutters-133 MTableToolbar-root-126"
    >
      <div
        className="MTableToolbar-title-130"
      >
        <h6
          className="MuiTypography-root-136 MuiTypography-h6-153"
        >
          Orders
        </h6>
      </div>
      <div
        className="MTableToolbar-spacer-128"
      />
      <div
        className="MTableToolbar-actions-129"
      >
        <div>
          <div />
        </div>
      </div>
    </div>
    <div
      style={
        Object {
          "overflowX": "auto",
        }
      }
    >
      <div>
        <div
          style={
            Object {
              "maxHeight": undefined,
              "overflowY": "auto",
            }
          }
        >
          <table
            className="MuiTable-root-172"
          >
            <thead
              className="MuiTableHead-root-174"
            >
              <tr
                className="MuiTableRow-root-175 MuiTableRow-head-178"
              />
            </thead>
            <tbody
              className="MuiTableBody-root-180"
            >
              <tr
                actions={Array []}
                className="MuiTableRow-root-175"
                index={0}
                level={0}
                localization={
                  Object {
                    "cancelTooltip": "Cancel",
                    "deleteText": "Are you sure delete this row?",
                    "saveTooltip": "Save",
                  }
                }
                onClick={[Function]}
                path={
                  Array [
                    0,
                  ]
                }
                style={
                  Object {
                    "transition": "all ease 300ms",
                  }
                }
              />
            </tbody>
          </table>
        </div>
      </div>
    </div>
  </div>
</div>
`;
