// Jest Snapshot v1, https://goo.gl/fbAQLP

exports[`SettingOverview component: renders correctly 1`] = `
<div
  className="main"
>
  <div
    className="row"
  >
    <div
      className="col"
    />
    <div
      className="actions"
    >
      <button
        className="MuiButtonBase-root MuiButton-root makeStyles-root-1 makeStyles-root-3 MuiButton-contained makeStyles-contained-2 makeStyles-contained-4 MuiButton-containedSecondary MuiButton-containedSizeLarge MuiButton-sizeLarge"
        data-qa-type="submit"
        disabled={false}
        onBlur={[Function]}
        onClick={[Function]}
        onDragLeave={[Function]}
        onFocus={[Function]}
        onKeyDown={[Function]}
        onKeyUp={[Function]}
        onMouseDown={[Function]}
        onMouseLeave={[Function]}
        onMouseUp={[Function]}
        onTouchEnd={[Function]}
        onTouchMove={[Function]}
        onTouchStart={[Function]}
        tabIndex={0}
        type="button"
      >
        <span
          className="MuiButton-label"
        >
          Save Overview
        </span>
        <span
          className="MuiTouchRipple-root"
        />
      </button>
    </div>
  </div>
  <div
    className="row"
  >
    <div
      className="col section"
    >
      <div
        className="main"
      >
        <div
          className="placeholder"
        >
          Game description & objectives
        </div>
        <div
          className="content"
        >
          <section
            className="input-container disable-offset fullwidth textarea"
          >
            <div
              className="MuiFormControl-root MuiTextField-root MuiFormControl-fullWidth"
            >
              <div
                className="MuiInputBase-root MuiFilledInput-root makeStyles-root-5 MuiInputBase-fullWidth MuiInputBase-formControl MuiInputBase-multiline MuiFilledInput-multiline makeStyles-multiline-7"
                onClick={[Function]}
              >
                <textarea
                  aria-invalid={false}
                  autoFocus={false}
                  className="MuiInputBase-input MuiFilledInput-input makeStyles-input-6 MuiInputBase-inputMultiline MuiFilledInput-inputMultiline"
                  disabled={false}
                  name=""
                  onAnimationStart={[Function]}
                  onBlur={[Function]}
                  onChange={[Function]}
                  onFocus={[Function]}
                  required={false}
                  rows={8}
                  style={
                    Object {
                      "height": 0,
                      "overflow": "hidden",
                    }
                  }
                  value="Sample MWARC Wargame"
                />
                <textarea
                  aria-hidden={true}
                  className="MuiInputBase-input MuiFilledInput-input makeStyles-input-6 MuiInputBase-inputMultiline MuiFilledInput-inputMultiline"
                  readOnly={true}
                  style={
                    Object {
                      "height": 0,
                      "left": 0,
                      "overflow": "hidden",
                      "position": "absolute",
                      "top": 0,
                      "transform": "translateZ(0)",
                      "visibility": "hidden",
                    }
                  }
                  tabIndex={-1}
                />
              </div>
            </div>
          </section>
        </div>
      </div>
    </div>
    <div
      className="col section"
    >
      <div
        className="main"
      >
        <div
          className="placeholder"
        />
        <div
          className="content"
        >
          <div
            className="group"
          >
            <label
              className="label label-first"
              htmlFor="gameDate"
            >
              Wargame start time (YYYY/MM/DD HH:MM)
            </label>
            <div
              className="MuiInputBase-root MuiInput-root MuiInput-underline"
            >
              <input
                className="flatpickr"
                data-enable-time={true}
                id="gameDate"
                name="gameDate"
              />
            </div>
          </div>
          <div
            className="group"
          >
            <label
              className="label"
              htmlFor="gameTurnTime"
            >
              Wargame turn time
              <br />
              (YY MM DD HH MM SS)
            </label>
            <div
              className="MuiInputBase-root MuiInput-root MuiInput-underline"
            >
              <input
                className="MuiInputBase-input MuiInput-input"
                id="gameTurnTime"
                mask="11 11 11 11 11 11"
                maxLength={17}
                name="gameTurnTime"
                onBlur={[Function]}
                onChange={[Function]}
                onKeyDown={[Function]}
                onKeyPress={[Function]}
                onPaste={[Function]}
                placeholder="YY MM DD HH MM SS"
                size={17}
                value="00 00 00 01 30 00"
              />
            </div>
          </div>
          <div
            className="group"
          >
            <label
              className="label"
              htmlFor="realtimeTurnTime"
            >
              Real time planning allowance (DD HH MM SS)
            </label>
            <div
              className="MuiInputBase-root MuiInput-root MuiInput-underline"
            >
              <input
                className="MuiInputBase-input MuiInput-input"
                id="realtimeTurnTime"
                mask="11 11 11 11"
                maxLength={11}
                name="realtimeTurnTime"
                onBlur={[Function]}
                onChange={[Function]}
                onKeyDown={[Function]}
                onKeyPress={[Function]}
                onPaste={[Function]}
                placeholder="DD HH MM SS"
                size={11}
                value="00 00 10 00"
              />
            </div>
          </div>
          <div
            className="group"
          >
            <label
              className="label"
              htmlFor="realtimeTurnTime"
            >
              Time warning at (HH MM SS) remaining
            </label>
            <div
              className="MuiInputBase-root MuiInput-root MuiInput-underline"
            >
              <input
                className="MuiInputBase-input MuiInput-input"
                id="timeWarning"
                mask="11 11 11"
                maxLength={8}
                name="timeWarning"
                onBlur={[Function]}
                onChange={[Function]}
                onKeyDown={[Function]}
                onKeyPress={[Function]}
                onPaste={[Function]}
                placeholder="HH MM SS"
                size={8}
                value="00 01 00"
              />
            </div>
          </div>
          <div
            className="group"
          >
            <label
              className="label"
            >
              Turn Type
            </label>
            <div>
              <div
                className="MuiFormControl-root formcontrol"
              >
                <div
                  className="MuiInputBase-root MuiInput-root MuiInput-underline MuiInputBase-formControl MuiInput-formControl"
                  onClick={[Function]}
                >
                  <div
                    aria-haspopup="listbox"
                    aria-labelledby="turn-type-select-label turn-type-select"
                    className="MuiSelect-root MuiSelect-select MuiSelect-selectMenu MuiInputBase-input MuiInput-input"
                    id="turn-type-select"
                    onBlur={[Function]}
                    onFocus={[Function]}
                    onKeyDown={[Function]}
                    onMouseDown={[Function]}
                    role="button"
                    tabIndex={0}
                  >
                    Natural
                  </div>
                  <input
                    aria-hidden={true}
                    className="MuiSelect-nativeInput"
                    onAnimationStart={[Function]}
                    onChange={[Function]}
                    required={false}
                    tabIndex={-1}
                    value="Natural"
                  />
                  <svg
                    aria-hidden={true}
                    className="MuiSvgIcon-root MuiSelect-icon"
                    focusable="false"
                    viewBox="0 0 24 24"
                  >
                    <path
                      d="M7 10l5 5 5-5z"
                    />
                  </svg>
                </div>
              </div>
            </div>
          </div>
          <div
            className="hidden"
          >
            <div
              className="MuiInputBase-root MuiInput-root MuiInput-underline"
              onClick={[Function]}
            >
              <input
                className="MuiInputBase-input MuiInput-input"
                onAnimationStart={[Function]}
                onBlur={[Function]}
                onChange={[Function]}
                onFocus={[Function]}
                type="text"
              />
            </div>
          </div>
          <div>
            <div
              className="childnode"
            >
              <label
                className="MuiFormControlLabel-root"
              >
                <span
                  aria-disabled={false}
                  className="MuiButtonBase-root MuiIconButton-root PrivateSwitchBase-root-12 MuiCheckbox-root MuiCheckbox-colorPrimary PrivateSwitchBase-checked-13 Mui-checked MuiIconButton-colorPrimary"
                  onBlur={[Function]}
                  onDragLeave={[Function]}
                  onFocus={[Function]}
                  onKeyDown={[Function]}
                  onKeyUp={[Function]}
                  onMouseDown={[Function]}
                  onMouseLeave={[Function]}
                  onMouseUp={[Function]}
                  onTouchEnd={[Function]}
                  onTouchMove={[Function]}
                  onTouchStart={[Function]}
                  tabIndex={null}
                >
                  <span
                    className="MuiIconButton-label"
                  >
                    <input
                      checked={true}
                      className="PrivateSwitchBase-input-15"
                      data-indeterminate={false}
                      onChange={[Function]}
                      type="checkbox"
                      value="1"
                    />
                    <svg
                      aria-hidden={true}
                      className="MuiSvgIcon-root"
                      focusable="false"
                      viewBox="0 0 24 24"
                    >
                      <path
                        d="M19 3H5c-1.11 0-2 .9-2 2v14c0 1.1.89 2 2 2h14c1.11 0 2-.9 2-2V5c0-1.1-.89-2-2-2zm-9 14l-5-5 1.41-1.41L10 14.17l7.59-7.59L19 8l-9 9z"
                      />
                    </svg>
                  </span>
                  <span
                    className="MuiTouchRipple-root"
                  />
                </span>
                <span
                  className="MuiTypography-root MuiFormControlLabel-label MuiTypography-body1"
                >
                  Show Access codes
                </span>
              </label>
              <div
                className="icon"
                onClick={[Function]}
              >
                <svg
                  aria-hidden={true}
                  className="MuiSvgIcon-root"
                  color="#f00"
                  focusable="false"
                  viewBox="0 0 24 24"
                >
                  <path
                    d="M11 7h2v2h-2zm0 4h2v6h-2zm1-9C6.48 2 2 6.48 2 12s4.48 10 10 10 10-4.48 10-10S17.52 2 12 2zm0 18c-4.41 0-8-3.59-8-8s3.59-8 8-8 8 3.59 8 8-3.59 8-8 8z"
                  />
                </svg>
              </div>
            </div>
            <div
              className="childnode"
            >
              <label
                className="MuiFormControlLabel-root"
              >
                <span
                  aria-disabled={false}
                  className="MuiButtonBase-root MuiIconButton-root PrivateSwitchBase-root-12 MuiCheckbox-root MuiCheckbox-colorPrimary MuiIconButton-colorPrimary"
                  onBlur={[Function]}
                  onDragLeave={[Function]}
                  onFocus={[Function]}
                  onKeyDown={[Function]}
                  onKeyUp={[Function]}
                  onMouseDown={[Function]}
                  onMouseLeave={[Function]}
                  onMouseUp={[Function]}
                  onTouchEnd={[Function]}
                  onTouchMove={[Function]}
                  onTouchStart={[Function]}
                  tabIndex={null}
                >
                  <span
                    className="MuiIconButton-label"
                  >
                    <input
                      checked={false}
                      className="PrivateSwitchBase-input-15"
                      data-indeterminate={false}
                      onChange={[Function]}
                      type="checkbox"
                      value="1"
                    />
                    <svg
                      aria-hidden={true}
                      className="MuiSvgIcon-root"
                      focusable="false"
                      viewBox="0 0 24 24"
                    >
                      <path
                        d="M19 5v14H5V5h14m0-2H5c-1.1 0-2 .9-2 2v14c0 1.1.9 2 2 2h14c1.1 0 2-.9 2-2V5c0-1.1-.9-2-2-2z"
                      />
                    </svg>
                  </span>
                  <span
                    className="MuiTouchRipple-root"
                  />
                </span>
                <span
                  className="MuiTypography-root MuiFormControlLabel-label MuiTypography-body1"
                >
                  Hide force icons in channels
                </span>
              </label>
              <div
                className="icon"
                onClick={[Function]}
              >
                <svg
                  aria-hidden={true}
                  className="MuiSvgIcon-root"
                  color="#f00"
                  focusable="false"
                  viewBox="0 0 24 24"
                >
                  <path
                    d="M11 7h2v2h-2zm0 4h2v6h-2zm1-9C6.48 2 2 6.48 2 12s4.48 10 10 10 10-4.48 10-10S17.52 2 12 2zm0 18c-4.41 0-8-3.59-8-8s3.59-8 8-8 8 3.59 8 8-3.59 8-8 8z"
                  />
                </svg>
              </div>
            </div>
          </div>
          <div>
            <button
              className="MuiButtonBase-root MuiButton-root makeStyles-root-1 makeStyles-root-16 MuiButton-contained makeStyles-contained-2 makeStyles-contained-17"
              disabled={false}
              onBlur={[Function]}
              onClick={[Function]}
              onDragLeave={[Function]}
              onFocus={[Function]}
              onKeyDown={[Function]}
              onKeyUp={[Function]}
              onMouseDown={[Function]}
              onMouseLeave={[Function]}
              onMouseUp={[Function]}
              onTouchEnd={[Function]}
              onTouchMove={[Function]}
              onTouchStart={[Function]}
              tabIndex={0}
              type="button"
            >
              <span
                className="MuiButton-label"
              >
                Initiate Wargame
              </span>
              <span
                className="MuiTouchRipple-root"
              />
            </button>
          </div>
        </div>
      </div>
    </div>
  </div>
</div>
`;
