// Jest Snapshot v1, https://goo.gl/fbAQLP

exports[`AdminMessage component: renders component correctly 1`] = `
<div
  className="message-container float-left"
>
  <span
    className="message-bullet"
    style={
      Object {
        "backgroundColor": "#FCFBEE",
        "height": 60,
      }
    }
  />
  <div
    className="message-preview-player"
  >
    <div>
      <div>
        test

      </div>
      <div
        className="info-wrap"
      >
        <time
          dateTime="2020-03-25T15:08:47.510Z"
        >
          15:08
        </time>
        <small>
          <div
            className="MuiChip-root role MuiChip-colorPrimary MuiChip-outlined MuiChip-outlinedPrimary MuiChip-sizeSmall"
            onKeyDown={[Function]}
            onKeyUp={[Function]}
          >
            <span
              className="MuiChip-label MuiChip-labelSmall"
            >
              Game Control
            </span>
          </div>
        </small>
      </div>
    </div>
  </div>
</div>
`;
