// Jest Snapshot v1, https://goo.gl/fbAQLP

exports[`CoaStatusBoard renders correctly 1`] = `
<div
  className="MuiTableContainer-root"
>
  <table
    className="MuiTable-root makeStyles-table-1"
    role={null}
  >
    <thead
      className="MuiTableHead-root makeStyles-tableHead-2"
      role={null}
    >
      <tr
        className="MuiTableRow-root MuiTableRow-head"
        role={null}
      >
        <th
          aria-sort={null}
          className="MuiTableCell-root MuiTableCell-head"
          scope="col"
        >
          <span>
            ID
          </span>
        </th>
        <th
          aria-sort={null}
          className="MuiTableCell-root MuiTableCell-head"
          scope="col"
        >
          <button
            className="MuiButtonBase-root MuiButton-root MuiButton-text makeStyles-button-7 MuiButton-textSizeSmall MuiButton-sizeSmall"
            disabled={false}
            onBlur={[Function]}
            onClick={[Function]}
            onDragLeave={[Function]}
            onFocus={[Function]}
            onKeyDown={[Function]}
            onKeyUp={[Function]}
            onMouseDown={[Function]}
            onMouseLeave={[Function]}
            onMouseUp={[Function]}
            onTouchEnd={[Function]}
            onTouchMove={[Function]}
            onTouchStart={[Function]}
            tabIndex={0}
            type="button"
          >
            <span
              className="MuiButton-label"
            >
              From
              <span
                className="MuiButton-endIcon MuiButton-iconSizeSmall"
              >
                <svg
                  fill="none"
                  height="30"
                  viewBox="0 0 28 30"
                  width="28"
                  xmlns="http://www.w3.org/2000/svg"
                >
                  <path
                    d="M26.2096 0H1.29056C0.145551 0 -0.432218 1.51559 0.379086 2.40064L10.3125 13.2387V25.3125C10.3125 25.7713 10.5177 26.2014 10.8623 26.4646L15.1592 29.7446C16.0069 30.392 17.1875 29.7359 17.1875 28.5926V13.2387L27.1212 2.40064C27.9308 1.51734 27.357 0 26.2096 0Z"
                    fill="white"
                  />
                </svg>
              </span>
            </span>
          </button>
        </th>
        <th
          aria-sort={null}
          className="MuiTableCell-root MuiTableCell-head"
          scope="col"
        >
          <span>
            Title
          </span>
        </th>
        <th
          aria-sort={null}
          className="MuiTableCell-root MuiTableCell-head"
          scope="col"
        >
          <button
            className="MuiButtonBase-root MuiButton-root MuiButton-text makeStyles-button-7 MuiButton-textSizeSmall MuiButton-sizeSmall"
            disabled={false}
            onBlur={[Function]}
            onClick={[Function]}
            onDragLeave={[Function]}
            onFocus={[Function]}
            onKeyDown={[Function]}
            onKeyUp={[Function]}
            onMouseDown={[Function]}
            onMouseLeave={[Function]}
            onMouseUp={[Function]}
            onTouchEnd={[Function]}
            onTouchMove={[Function]}
            onTouchStart={[Function]}
            tabIndex={0}
            type="button"
          >
            <span
              className="MuiButton-label"
            >
              Status
              <span
                className="MuiButton-endIcon MuiButton-iconSizeSmall"
              >
                <svg
                  fill="none"
                  height="30"
                  viewBox="0 0 28 30"
                  width="28"
                  xmlns="http://www.w3.org/2000/svg"
                >
                  <path
                    d="M26.2096 0H1.29056C0.145551 0 -0.432218 1.51559 0.379086 2.40064L10.3125 13.2387V25.3125C10.3125 25.7713 10.5177 26.2014 10.8623 26.4646L15.1592 29.7446C16.0069 30.392 17.1875 29.7359 17.1875 28.5926V13.2387L27.1212 2.40064C27.9308 1.51734 27.357 0 26.2096 0Z"
                    fill="white"
                  />
                </svg>
              </span>
            </span>
          </button>
        </th>
        <th
          aria-sort={null}
          className="MuiTableCell-root MuiTableCell-head"
          scope="col"
        >
          <span>
            Owner
          </span>
        </th>
      </tr>
    </thead>
    <tbody
      className="MuiTableBody-root makeStyles-tableBody-3"
      role={null}
    >
      <tr
        className="MuiTableRow-root makeStyles-tableRow-4 makeStyles-tableRowCollapsibleTrigger-6"
        onClick={[Function]}
        role={null}
      >
        <td
          aria-sort={null}
          className="MuiTableCell-root MuiTableCell-body"
        >
          <svg
            className="svg-inline--fa fa-plus"
          />
           
          Blue-3
        </td>
        <td
          aria-sort={null}
          className="MuiTableCell-root MuiTableCell-body"
        >
          <div
            className="MuiChip-root makeStyles-root-9 makeStyles-root-12"
            onKeyDown={[Function]}
            onKeyUp={[Function]}
          >
            <span
              className="MuiChip-label makeStyles-label-11 makeStyles-label-13"
            >
              CO
            </span>
          </div>
        </td>
        <td
          aria-sort={null}
          className="MuiTableCell-root MuiTableCell-body"
        >
          RFI 3 from Blue
        </td>
        <td
          aria-sort={null}
          className="MuiTableCell-root MuiTableCell-body"
        >
          <div
            className="MuiChip-root makeStyles-root-9 makeStyles-root-14"
            onKeyDown={[Function]}
            onKeyUp={[Function]}
          >
            <span
              className="MuiChip-label makeStyles-label-11 makeStyles-label-15"
            >
              Response Unallocated
            </span>
          </div>
        </td>
        <td
          aria-sort={null}
          className="MuiTableCell-root MuiTableCell-body"
        >
          <div
            className="MuiChip-root makeStyles-root-9 makeStyles-root-16"
            onKeyDown={[Function]}
            onKeyUp={[Function]}
          >
            <span
              className="MuiChip-label makeStyles-label-11 makeStyles-label-17"
            >
              Pending
            </span>
          </div>
        </td>
      </tr>
      <tr
        className="MuiTableRow-root makeStyles-tableRowCollapsible-5"
        role={null}
      >
        <td
          aria-sort={null}
          className="MuiTableCell-root MuiTableCell-body"
          colSpan={5}
        >
          <div
            className="MuiCollapse-container MuiCollapse-hidden"
            style={
              Object {
                "minHeight": "0px",
              }
            }
          >
            <div
              className="MuiCollapse-wrapper"
            >
              <div
                className="MuiCollapse-wrapperInner"
              />
            </div>
          </div>
        </td>
      </tr>
      <tr
        className="MuiTableRow-root makeStyles-tableRow-4 makeStyles-tableRowCollapsibleTrigger-6"
        onClick={[Function]}
        role={null}
      >
        <td
          aria-sort={null}
          className="MuiTableCell-root MuiTableCell-body"
        >
          <svg
            className="svg-inline--fa fa-plus"
          />
           
          RED-1
        </td>
        <td
          aria-sort={null}
          className="MuiTableCell-root MuiTableCell-body"
        >
          <div
            className="MuiChip-root makeStyles-root-9 makeStyles-root-18"
            onKeyDown={[Function]}
            onKeyUp={[Function]}
          >
            <span
              className="MuiChip-label makeStyles-label-11 makeStyles-label-19"
            >
              CO
            </span>
          </div>
        </td>
        <td
          aria-sort={null}
          className="MuiTableCell-root MuiTableCell-body"
        >
          RFI 1 from RED
        </td>
        <td
          aria-sort={null}
          className="MuiTableCell-root MuiTableCell-body"
        >
          <div
            className="MuiChip-root makeStyles-root-9 makeStyles-root-20"
            onKeyDown={[Function]}
            onKeyUp={[Function]}
          >
            <span
              className="MuiChip-label makeStyles-label-11 makeStyles-label-21"
            >
              Edit Response
            </span>
          </div>
        </td>
        <td
          aria-sort={null}
          className="MuiTableCell-root MuiTableCell-body"
        >
          <div
            className="MuiChip-root makeStyles-root-9 makeStyles-root-22"
            onKeyDown={[Function]}
            onKeyUp={[Function]}
          >
            <span
              className="MuiChip-label makeStyles-label-11 makeStyles-label-23"
            >
              Pending
            </span>
          </div>
        </td>
      </tr>
      <tr
        className="MuiTableRow-root makeStyles-tableRowCollapsible-5"
        role={null}
      >
        <td
          aria-sort={null}
          className="MuiTableCell-root MuiTableCell-body"
          colSpan={5}
        >
          <div
            className="MuiCollapse-container MuiCollapse-hidden"
            style={
              Object {
                "minHeight": "0px",
              }
            }
          >
            <div
              className="MuiCollapse-wrapper"
            >
              <div
                className="MuiCollapse-wrapperInner"
              />
            </div>
          </div>
        </td>
      </tr>
      <tr
        className="MuiTableRow-root makeStyles-tableRow-4 makeStyles-tableRowCollapsibleTrigger-6"
        onClick={[Function]}
        role={null}
      >
        <td
          aria-sort={null}
          className="MuiTableCell-root MuiTableCell-body"
        >
          <svg
            className="svg-inline--fa fa-plus"
          />
           
          2020-03-25T15:08:47.540Z
        </td>
        <td
          aria-sort={null}
          className="MuiTableCell-root MuiTableCell-body"
        >
          <div
            className="MuiChip-root makeStyles-root-9 makeStyles-root-24"
            onKeyDown={[Function]}
            onKeyUp={[Function]}
          >
            <span
              className="MuiChip-label makeStyles-label-11 makeStyles-label-25"
            >
              Game Control
            </span>
          </div>
        </td>
        <td
          aria-sort={null}
          className="MuiTableCell-root MuiTableCell-body"
        />
        <td
          aria-sort={null}
          className="MuiTableCell-root MuiTableCell-body"
        >
          <div
            className="MuiChip-root makeStyles-root-9 makeStyles-root-26"
            onKeyDown={[Function]}
            onKeyUp={[Function]}
          >
            <span
              className="MuiChip-label makeStyles-label-11 makeStyles-label-27"
            >
              Closed
            </span>
          </div>
        </td>
        <td
          aria-sort={null}
          className="MuiTableCell-root MuiTableCell-body"
        >
          <div
            className="MuiChip-root makeStyles-root-9 makeStyles-root-28"
            onKeyDown={[Function]}
            onKeyUp={[Function]}
          >
            <span
              className="MuiChip-label makeStyles-label-11 makeStyles-label-29"
            >
              Pending
            </span>
          </div>
        </td>
      </tr>
      <tr
        className="MuiTableRow-root makeStyles-tableRowCollapsible-5"
        role={null}
      >
        <td
          aria-sort={null}
          className="MuiTableCell-root MuiTableCell-body"
          colSpan={5}
        >
          <div
            className="MuiCollapse-container MuiCollapse-hidden"
            style={
              Object {
                "minHeight": "0px",
              }
            }
          >
            <div
              className="MuiCollapse-wrapper"
            >
              <div
                className="MuiCollapse-wrapperInner"
              />
            </div>
          </div>
        </td>
      </tr>
      <tr
        className="MuiTableRow-root makeStyles-tableRow-4 makeStyles-tableRowCollapsibleTrigger-6"
        onClick={[Function]}
        role={null}
      >
        <td
          aria-sort={null}
          className="MuiTableCell-root MuiTableCell-body"
        >
          <svg
            className="svg-inline--fa fa-plus"
          />
           
          2020-03-25T15:08:47.525Z
        </td>
        <td
          aria-sort={null}
          className="MuiTableCell-root MuiTableCell-body"
        >
          <div
            className="MuiChip-root makeStyles-root-9 makeStyles-root-30"
            onKeyDown={[Function]}
            onKeyUp={[Function]}
          >
            <span
              className="MuiChip-label makeStyles-label-11 makeStyles-label-31"
            >
              CO
            </span>
          </div>
        </td>
        <td
          aria-sort={null}
          className="MuiTableCell-root MuiTableCell-body"
        />
        <td
          aria-sort={null}
          className="MuiTableCell-root MuiTableCell-body"
        >
          <div
            className="MuiChip-root makeStyles-root-9 makeStyles-root-32"
            onKeyDown={[Function]}
            onKeyUp={[Function]}
          >
            <span
              className="MuiChip-label makeStyles-label-11 makeStyles-label-33"
            >
              Pending review
            </span>
          </div>
        </td>
        <td
          aria-sort={null}
          className="MuiTableCell-root MuiTableCell-body"
        >
          <div
            className="MuiChip-root makeStyles-root-9 makeStyles-root-34"
            onKeyDown={[Function]}
            onKeyUp={[Function]}
          >
            <span
              className="MuiChip-label makeStyles-label-11 makeStyles-label-35"
            >
              Pending
            </span>
          </div>
        </td>
      </tr>
      <tr
        className="MuiTableRow-root makeStyles-tableRowCollapsible-5"
        role={null}
      >
        <td
          aria-sort={null}
          className="MuiTableCell-root MuiTableCell-body"
          colSpan={5}
        >
          <div
            className="MuiCollapse-container MuiCollapse-hidden"
            style={
              Object {
                "minHeight": "0px",
              }
            }
          >
            <div
              className="MuiCollapse-wrapper"
            >
              <div
                className="MuiCollapse-wrapperInner"
              />
            </div>
          </div>
        </td>
      </tr>
      <tr
        className="MuiTableRow-root makeStyles-tableRow-4 makeStyles-tableRowCollapsibleTrigger-6"
        onClick={[Function]}
        role={null}
      >
        <td
          aria-sort={null}
          className="MuiTableCell-root MuiTableCell-body"
        >
          <svg
            className="svg-inline--fa fa-plus"
          />
           
          2020-03-25T15:08:47.530Z
        </td>
        <td
          aria-sort={null}
          className="MuiTableCell-root MuiTableCell-body"
        >
          <div
            className="MuiChip-root makeStyles-root-9 makeStyles-root-36"
            onKeyDown={[Function]}
            onKeyUp={[Function]}
          >
            <span
              className="MuiChip-label makeStyles-label-11 makeStyles-label-37"
            >
              CO
            </span>
          </div>
        </td>
        <td
          aria-sort={null}
          className="MuiTableCell-root MuiTableCell-body"
        />
        <td
          aria-sort={null}
          className="MuiTableCell-root MuiTableCell-body"
        >
          <div
            className="MuiChip-root makeStyles-root-9 makeStyles-root-38"
            onKeyDown={[Function]}
            onKeyUp={[Function]}
          >
            <span
              className="MuiChip-label makeStyles-label-11 makeStyles-label-39"
            >
              Released
            </span>
          </div>
        </td>
        <td
          aria-sort={null}
          className="MuiTableCell-root MuiTableCell-body"
        >
          <div
            className="MuiChip-root makeStyles-root-9 makeStyles-root-40"
            onKeyDown={[Function]}
            onKeyUp={[Function]}
          >
            <span
              className="MuiChip-label makeStyles-label-11 makeStyles-label-41"
            >
              Pending
            </span>
          </div>
        </td>
      </tr>
      <tr
        className="MuiTableRow-root makeStyles-tableRowCollapsible-5"
        role={null}
      >
        <td
          aria-sort={null}
          className="MuiTableCell-root MuiTableCell-body"
          colSpan={5}
        >
          <div
            className="MuiCollapse-container MuiCollapse-hidden"
            style={
              Object {
                "minHeight": "0px",
              }
            }
          >
            <div
              className="MuiCollapse-wrapper"
            >
              <div
                className="MuiCollapse-wrapperInner"
              />
            </div>
          </div>
        </td>
      </tr>
    </tbody>
  </table>
</div>
`;
