// Jest Snapshot v1, https://goo.gl/fbAQLP

exports[`PrivateChatInputToggle component: renders correctly 1`] = `
Array [
  <div
    className="MuiBox-root MuiBox-root-1"
    onClick={[Function]}
  >
    <span
      className="private-badge-wrapper"
    >
      <span>
        <svg
          className="svg-inline--fa fa-paperclip"
        />
      </span>
      <span
        className="icon-private"
      >
        <svg
          className="svg-inline--fa fa-user-secret"
        />
      </span>
      <span
        className="label-private"
      >
        Private message
      </span>
    </span>
  </div>,
  <div
    className="MuiBox-root MuiBox-root-2 wrap-detail wrap-detail-opened"
  >
    <section
      className="input-container disable-offset fullwidth"
    >
      <div
        className="MuiFormControl-root MuiTextField-root MuiFormControl-fullWidth"
        onKeyDown={[Function]}
      >
        <div
          className="MuiInputBase-root MuiFilledInput-root makeStyles-root-3 MuiInputBase-fullWidth MuiInputBase-formControl MuiInputBase-multiline MuiFilledInput-multiline makeStyles-multiline-5"
          onClick={[Function]}
        >
          <textarea
            aria-invalid={false}
            autoFocus={false}
            className="MuiInputBase-input MuiFilledInput-input makeStyles-input-4 MuiInputBase-inputMultiline MuiFilledInput-inputMultiline"
            disabled={false}
            name=""
            onAnimationStart={[Function]}
            onBlur={[Function]}
            onChange={[Function]}
            onFocus={[Function]}
            placeholder="Enter your private message"
            required={false}
            rows={2}
            style={
              Object {
                "height": 0,
                "overflow": "hidden",
              }
            }
            value="private"
          />
          <textarea
            aria-hidden={true}
            className="MuiInputBase-input MuiFilledInput-input makeStyles-input-4 MuiInputBase-inputMultiline MuiFilledInput-inputMultiline"
            readOnly={true}
            style={
              Object {
                "height": 0,
                "left": 0,
                "overflow": "hidden",
                "position": "absolute",
                "top": 0,
                "transform": "translateZ(0)",
                "visibility": "hidden",
              }
            }
            tabIndex={-1}
          />
        </div>
      </div>
    </section>
  </div>,
]
`;
