// Jest Snapshot v1, https://goo.gl/fbAQLP

exports[`TitleWithIcon renders correctly 1`] = `
<div
  className="main"
>
  <h2>
    Test
  </h2>
  <div
    className="icon"
  >
    <div
      className="asset-icon-background"
      style={
        Object {
          "backgroundColor": "blue",
        }
      }
    >
      <div
        className="asset-icon-with-image"
      >
        <img
          alt="merchant-vessel"
          className="img"
          src="/assets/counters/merchant-vessel.svg"
        />
      </div>
    </div>
  </div>
</div>
`;
