// Jest Snapshot v1, https://goo.gl/fbAQLP

exports[`WorldState renders correctly 1`] = `
<div
  className="world-state"
  data-tour="world-state"
>
  <h2
    className="title"
  >
    test
  </h2>
  <div
    className="main"
  >
    <ul />
  </div>
</div>
`;
