// Jest Snapshot v1, https://goo.gl/fbAQLP

exports[`ChannelMessagesList component:  renders component correctly 1`] = `
<div>
  <div
    className="MuiBox-root MuiBox-root-1"
  >
    <div
      className="forces-in-channel"
    >
      <img
        alt=""
        className="force-indicator role-icon"
        src="./images/default_img/forceDefault.png"
        style={
          Object {
            "backgroundColor": "#F00",
            "borderColor": "#F00",
          }
        }
      />
      <button
        className="MuiButtonBase-root MuiButton-root makeStyles-root-2 MuiButton-text MuiButton-textSecondary"
        disabled={false}
        onBlur={[Function]}
        onClick={[Function]}
        onDragLeave={[Function]}
        onFocus={[Function]}
        onKeyDown={[Function]}
        onKeyUp={[Function]}
        onMouseDown={[Function]}
        onMouseLeave={[Function]}
        onMouseUp={[Function]}
        onTouchEnd={[Function]}
        onTouchMove={[Function]}
        onTouchStart={[Function]}
        tabIndex={0}
        type="button"
      >
        <span
          className="MuiButton-label"
        >
          Mark all read
        </span>
      </button>
    </div>
  </div>
  <div
    className="MuiBox-root MuiBox-root-3 messages-list"
  >
    <div
      className="MuiBox-root MuiBox-root-4"
    >
      <div
        className="message-list-wrapper"
        style={
          Object {
            "borderColor": "#ffffff",
          }
        }
      >
        <div
          className="main"
          onClick={[Function]}
        >
          <div
            className=""
            onClick={[Function]}
          >
            <div
              className="message-title-wrap "
            >
              <svg
                aria-hidden={true}
                className="MuiSvgIcon-root MuiSvgIcon-fontSizeSmall"
                focusable="false"
                style={
                  Object {
                    "color": "#18ffff",
                  }
                }
                viewBox="0 0 24 24"
              >
                <path
                  d="M19 13h-6v6h-2v-6H5v-2h6V5h2v6h6v2z"
                />
              </svg>
              <div
                className="message-title"
              >
                lorem ipsum do lor sit amet
              </div>
              <div
                className="MuiBox-root MuiBox-root-5"
              >
                <span
                  className="info-body"
                >
                  11:11
                </span>
                <div
                  className="MuiChip-root makeStyles-root-6 makeStyles-root-9 MuiChip-sizeSmall makeStyles-sizeSmall-7"
                  onKeyDown={[Function]}
                  onKeyUp={[Function]}
                >
                  <span
                    className="MuiChip-label makeStyles-label-8 makeStyles-label-10 MuiChip-labelSmall"
                  >
                    Game Control
                  </span>
                </div>
                <div
                  className="MuiChip-root makeStyles-root-6 makeStyles-root-11 MuiChip-sizeSmall makeStyles-sizeSmall-7"
                  onKeyDown={[Function]}
                  onKeyUp={[Function]}
                >
                  <span
                    className="MuiChip-label makeStyles-label-8 makeStyles-label-12 MuiChip-labelSmall"
                  >
                    State of The World
                  </span>
                </div>
              </div>
            </div>
          </div>
          <div
            className="wrap-detail "
          >
            <span
              className="detail"
            >
              <div
                className="MuiChip-root makeStyles-root-13 makeStyles-root-16 MuiChip-sizeSmall makeStyles-sizeSmall-14"
                onKeyDown={[Function]}
                onKeyUp={[Function]}
              >
                <span
                  className="MuiChip-label MuiChip-labelSmall makeStyles-labelSmall-15"
                >
                  Forces:
                </span>
              </div>
            </span>
            <p
              className="detail-rows"
            >
              <p
                className="detail-row"
              >
                <span
                  className="detail"
                >
                  <div
                    className="MuiChip-root makeStyles-root-13 makeStyles-root-17 MuiChip-sizeSmall makeStyles-sizeSmall-14"
                    onKeyDown={[Function]}
                    onKeyUp={[Function]}
                  >
                    <span
                      className="MuiChip-label MuiChip-labelSmall makeStyles-labelSmall-15"
                    >
                      assets:
                    </span>
                  </div>
                </span>
                <p
                  className="detail-rows"
                >
                  <p
                    className="detail-row"
                  >
                    <span
                      className="detail"
                    >
                      <div
                        className="MuiChip-root makeStyles-root-13 makeStyles-root-18 MuiChip-sizeSmall makeStyles-sizeSmall-14"
                        onKeyDown={[Function]}
                        onKeyUp={[Function]}
                      >
                        <span
                          className="MuiChip-label MuiChip-labelSmall makeStyles-labelSmall-15"
                        >
                          location:
                        </span>
                      </div>
                    </span>
                    <span
                      className="data"
                    >
                      loc
                    </span>
                    <span
                      className="detail"
                    >
                      <div
                        className="MuiChip-root makeStyles-root-13 makeStyles-root-19 MuiChip-sizeSmall makeStyles-sizeSmall-14"
                        onKeyDown={[Function]}
                        onKeyUp={[Function]}
                      >
                        <span
                          className="MuiChip-label MuiChip-labelSmall makeStyles-labelSmall-15"
                        >
                          name:
                        </span>
                      </div>
                    </span>
                    <span
                      className="data"
                    >
                      name
                    </span>
                    <span
                      className="detail"
                    >
                      <div
                        className="MuiChip-root makeStyles-root-13 makeStyles-root-20 MuiChip-sizeSmall makeStyles-sizeSmall-14"
                        onKeyDown={[Function]}
                        onKeyUp={[Function]}
                      >
                        <span
                          className="MuiChip-label MuiChip-labelSmall makeStyles-labelSmall-15"
                        >
                          visibleTo:
                        </span>
                      </div>
                    </span>
                    <p
                      className="detail-rows"
                    >
                      <p
                        className="detail-row"
                      >
                        <span
                          className="detail"
                        >
                          <div
                            className="MuiChip-root makeStyles-root-13 makeStyles-root-21 MuiChip-sizeSmall makeStyles-sizeSmall-14"
                            onKeyDown={[Function]}
                            onKeyUp={[Function]}
                          >
                            <span
                              className="MuiChip-label MuiChip-labelSmall makeStyles-labelSmall-15"
                            >
                              Force:
                            </span>
                          </div>
                        </span>
                        <span
                          className="data"
                        >
                          Blue
                        </span>
                      </p>
                    </p>
                  </p>
                  <p
                    className="detail-row"
                  >
                    <span
                      className="detail"
                    >
                      <div
                        className="MuiChip-root makeStyles-root-13 makeStyles-root-22 MuiChip-sizeSmall makeStyles-sizeSmall-14"
                        onKeyDown={[Function]}
                        onKeyUp={[Function]}
                      >
                        <span
                          className="MuiChip-label MuiChip-labelSmall makeStyles-labelSmall-15"
                        >
                          location:
                        </span>
                      </div>
                    </span>
                    <span
                      className="data"
                    >
                      lo2
                    </span>
                    <span
                      className="detail"
                    >
                      <div
                        className="MuiChip-root makeStyles-root-13 makeStyles-root-23 MuiChip-sizeSmall makeStyles-sizeSmall-14"
                        onKeyDown={[Function]}
                        onKeyUp={[Function]}
                      >
                        <span
                          className="MuiChip-label MuiChip-labelSmall makeStyles-labelSmall-15"
                        >
                          name:
                        </span>
                      </div>
                    </span>
                    <span
                      className="data"
                    >
                      name2
                    </span>
                    <span
                      className="detail"
                    >
                      <div
                        className="MuiChip-root makeStyles-root-13 makeStyles-root-24 MuiChip-sizeSmall makeStyles-sizeSmall-14"
                        onKeyDown={[Function]}
                        onKeyUp={[Function]}
                      >
                        <span
                          className="MuiChip-label MuiChip-labelSmall makeStyles-labelSmall-15"
                        >
                          visibleTo:
                        </span>
                      </div>
                    </span>
                    <p
                      className="detail-rows"
                    >
                      <p
                        className="detail-row"
                      >
                        <span
                          className="detail"
                        >
                          <div
                            className="MuiChip-root makeStyles-root-13 makeStyles-root-25 MuiChip-sizeSmall makeStyles-sizeSmall-14"
                            onKeyDown={[Function]}
                            onKeyUp={[Function]}
                          >
                            <span
                              className="MuiChip-label MuiChip-labelSmall makeStyles-labelSmall-15"
                            >
                              Force:
                            </span>
                          </div>
                        </span>
                        <span
                          className="data"
                        >
                          Red
                        </span>
                      </p>
                    </p>
                  </p>
                </p>
                <span
                  className="detail"
                >
                  <div
                    className="MuiChip-root makeStyles-root-13 makeStyles-root-26 MuiChip-sizeSmall makeStyles-sizeSmall-14"
                    onKeyDown={[Function]}
                    onKeyUp={[Function]}
                  >
                    <span
                      className="MuiChip-label MuiChip-labelSmall makeStyles-labelSmall-15"
                    >
                      force:
                    </span>
                  </div>
                </span>
                <span
                  className="data"
                >
                  Blue
                </span>
              </p>
              <p
                className="detail-row"
              >
                <span
                  className="detail"
                >
                  <div
                    className="MuiChip-root makeStyles-root-13 makeStyles-root-27 MuiChip-sizeSmall makeStyles-sizeSmall-14"
                    onKeyDown={[Function]}
                    onKeyUp={[Function]}
                  >
                    <span
                      className="MuiChip-label MuiChip-labelSmall makeStyles-labelSmall-15"
                    >
                      assets:
                    </span>
                  </div>
                </span>
                <p
                  className="detail-rows"
                >
                  <p
                    className="detail-row"
                  >
                    <span
                      className="detail"
                    >
                      <div
                        className="MuiChip-root makeStyles-root-13 makeStyles-root-28 MuiChip-sizeSmall makeStyles-sizeSmall-14"
                        onKeyDown={[Function]}
                        onKeyUp={[Function]}
                      >
                        <span
                          className="MuiChip-label MuiChip-labelSmall makeStyles-labelSmall-15"
                        >
                          location:
                        </span>
                      </div>
                    </span>
                    <span
                      className="data"
                    >
                      loc
                    </span>
                    <span
                      className="detail"
                    >
                      <div
                        className="MuiChip-root makeStyles-root-13 makeStyles-root-29 MuiChip-sizeSmall makeStyles-sizeSmall-14"
                        onKeyDown={[Function]}
                        onKeyUp={[Function]}
                      >
                        <span
                          className="MuiChip-label MuiChip-labelSmall makeStyles-labelSmall-15"
                        >
                          name:
                        </span>
                      </div>
                    </span>
                    <span
                      className="data"
                    >
                      name3
                    </span>
                    <span
                      className="detail"
                    >
                      <div
                        className="MuiChip-root makeStyles-root-13 makeStyles-root-30 MuiChip-sizeSmall makeStyles-sizeSmall-14"
                        onKeyDown={[Function]}
                        onKeyUp={[Function]}
                      >
                        <span
                          className="MuiChip-label MuiChip-labelSmall makeStyles-labelSmall-15"
                        >
                          visibleTo:
                        </span>
                      </div>
                    </span>
                    <p
                      className="detail-rows"
                    />
                  </p>
                </p>
                <span
                  className="detail"
                >
                  <div
                    className="MuiChip-root makeStyles-root-13 makeStyles-root-31 MuiChip-sizeSmall makeStyles-sizeSmall-14"
                    onKeyDown={[Function]}
                    onKeyUp={[Function]}
                  >
                    <span
                      className="MuiChip-label MuiChip-labelSmall makeStyles-labelSmall-15"
                    >
                      force:
                    </span>
                  </div>
                </span>
                <span
                  className="data"
                >
                  Red
                </span>
              </p>
            </p>
            <div
              className="wrap-private"
            >
              <span
                className="detail"
              >
                <div
                  className="MuiChip-root makeStyles-root-13 makeStyles-root-32 MuiChip-sizeSmall makeStyles-sizeSmall-14"
                  onKeyDown={[Function]}
                  onKeyUp={[Function]}
                >
                  <span
                    className="MuiChip-label MuiChip-labelSmall makeStyles-labelSmall-15"
                  >
                    <span>
                      <span
                        className="icon-private"
                      >
                        <svg
                          aria-hidden="true"
                          className="svg-inline--fa fa-user-secret fa-w-14 fa-1x "
                          data-icon="user-secret"
                          data-prefix="fas"
                          focusable="false"
                          role="img"
                          style={Object {}}
                          viewBox="0 0 448 512"
                          xmlns="http://www.w3.org/2000/svg"
                        >
                          <path
                            d="M383.9 308.3l23.9-62.6c4-10.5-3.7-21.7-15-21.7h-58.5c11-18.9 17.8-40.6 17.8-64v-.3c39.2-7.8 64-19.1 64-31.7 0-13.3-27.3-25.1-70.1-33-9.2-32.8-27-65.8-40.6-82.8-9.5-11.9-25.9-15.6-39.5-8.8l-27.6 13.8c-9 4.5-19.6 4.5-28.6 0L182.1 3.4c-13.6-6.8-30-3.1-39.5 8.8-13.5 17-31.4 50-40.6 82.8-42.7 7.9-70 19.7-70 33 0 12.6 24.8 23.9 64 31.7v.3c0 23.4 6.8 45.1 17.8 64H56.3c-11.5 0-19.2 11.7-14.7 22.3l25.8 60.2C27.3 329.8 0 372.7 0 422.4v44.8C0 491.9 20.1 512 44.8 512h358.4c24.7 0 44.8-20.1 44.8-44.8v-44.8c0-48.4-25.8-90.4-64.1-114.1zM176 480l-41.6-192 49.6 32 24 40-32 120zm96 0l-32-120 24-40 49.6-32L272 480zm41.7-298.5c-3.9 11.9-7 24.6-16.5 33.4-10.1 9.3-48 22.4-64-25-2.8-8.4-15.4-8.4-18.3 0-17 50.2-56 32.4-64 25-9.5-8.8-12.7-21.5-16.5-33.4-.8-2.5-6.3-5.7-6.3-5.8v-10.8c28.3 3.6 61 5.8 96 5.8s67.7-2.1 96-5.8v10.8c-.1.1-5.6 3.2-6.4 5.8z"
                            fill="currentColor"
                            style={Object {}}
                          />
                        </svg>
                      </span>
                      Private:
                    </span>
                  </span>
                </div>
              </span>
              <span
                className="private"
              >
                <div
                  className="paragraph"
                >
                  Private message
                </div>
              </span>
            </div>
          </div>
        </div>
      </div>
    </div>
  </div>
</div>
`;
