// Jest Snapshot v1, https://goo.gl/fbAQLP

exports[`ChannelMessageDetail: renders correctly 1`] = `
<div
  className="wrap-detail wrap-detail-opened"
>
  <div
    className="group-editor"
  >
    <div
      className="form-group"
    />
    <div
      className="form-group"
    />
    <div
      className="form-group"
    />
  </div>
</div>
`;
