// Jest Snapshot v1, https://goo.gl/fbAQLP

exports[`AdminLogin component: renders correctly 1`] = `
<div
  className="container"
>
  <span
    className="logo"
  >
    <img
      src=""
    />
    <p>
      Serge
    </p>
    <p>
      Admin Page
    </p>
  </span>
  <div
    className="password"
  >
    <section
      className="input-container disable-offset fullwidth"
    >
      <div
        className="MuiBox-root MuiBox-root-8 input-label"
      >
        Password
      </div>
      <div
        className="MuiFormControl-root MuiTextField-root MuiFormControl-fullWidth"
        onKeyPress={[Function]}
      >
        <div
          className="MuiInputBase-root MuiFilledInput-root makeStyles-root-1 MuiInputBase-fullWidth MuiInputBase-formControl"
          onClick={[Function]}
        >
          <input
            aria-invalid={false}
            autoFocus={false}
            className="MuiInputBase-input MuiFilledInput-input makeStyles-input-2"
            disabled={false}
            name="password"
            onAnimationStart={[Function]}
            onBlur={[Function]}
            onChange={[Function]}
            onFocus={[Function]}
            required={false}
            type="password"
            value="Nelson"
          />
        </div>
      </div>
    </section>
  </div>
  <button
    className="MuiButtonBase-root MuiButton-root MuiButton-contained MuiButton-containedPrimary"
    disabled={false}
    onBlur={[Function]}
    onClick={[Function]}
    onDragLeave={[Function]}
    onFocus={[Function]}
    onKeyDown={[Function]}
    onKeyUp={[Function]}
    onMouseDown={[Function]}
    onMouseLeave={[Function]}
    onMouseUp={[Function]}
    onTouchEnd={[Function]}
    onTouchMove={[Function]}
    onTouchStart={[Function]}
    tabIndex={0}
    type="button"
  >
    <span
      className="MuiButton-label"
    >
      Enter
    </span>
  </button>
</div>
`;
