// Jest Snapshot v1, https://goo.gl/fbAQLP

exports['PerceptionForm renders correctly 1'] = `
<div
  className="form perceived-as"
>
  <h2
    className="form-header"
  >
    Test
  </h2>
  <div
    className="content"
  >
    <fieldset>
      <section
        className="input-container"
      >
        <h2>
          Perceived Name
        </h2>
        <div
          className="MuiFormControl-root MuiTextField-root"
        >
          <div
            className="MuiInputBase-root MuiInput-root MuiInput-underline MuiInputBase-formControl MuiInput-formControl"
            onClick={[Function]}
          >
            <input
              aria-invalid={false}
              autoFocus={false}
              className="MuiInputBase-input MuiInput-input"
              disabled={false}
              name="perceivedName"
              onAnimationStart={[Function]}
              onBlur={[Function]}
              onChange={[Function]}
              onFocus={[Function]}
              required={false}
              type="text"
              value="Test"
            />
          </div>
        </div>
      </section>
      <section
        className="input-container"
      >
        <h2>
          Perceived Force
        </h2>
        <div
          aria-label="Perceived Force"
          className="MuiFormGroup-root"
          role="radiogroup"
        >
          <label
            className="MuiFormControlLabel-root"
          >
            <span
              aria-disabled={false}
              className="MuiButtonBase-root MuiIconButton-root PrivateSwitchBase-root-51 MuiRadio-root MuiRadio-colorSecondary PrivateSwitchBase-checked-52 Mui-checked MuiIconButton-colorSecondary"
              onBlur={[Function]}
              onDragLeave={[Function]}
              onFocus={[Function]}
              onKeyDown={[Function]}
              onKeyUp={[Function]}
              onMouseDown={[Function]}
              onMouseLeave={[Function]}
              onMouseUp={[Function]}
              onTouchEnd={[Function]}
              onTouchMove={[Function]}
              onTouchStart={[Function]}
              tabIndex={null}
            >
              <span
                className="MuiIconButton-label"
              >
                <input
                  checked={true}
                  className="PrivateSwitchBase-input-54"
                  name="perceivedForce"
                  onChange={[Function]}
                  type="radio"
                  value="blue-force"
                />
                <div
                  className="PrivateRadioButtonIcon-root-67 PrivateRadioButtonIcon-checked-69"
                >
                  <svg
                    aria-hidden="true"
                    className="MuiSvgIcon-root"
                    focusable="false"
                    role="presentation"
                    viewBox="0 0 24 24"
                  >
                    <path
                      d="M12 2C6.48 2 2 6.48 2 12s4.48 10 10 10 10-4.48 10-10S17.52 2 12 2zm0 18c-4.42 0-8-3.58-8-8s3.58-8 8-8 8 3.58 8 8-3.58 8-8 8z"
                    />
                  </svg>
                  <svg
                    aria-hidden="true"
                    className="MuiSvgIcon-root PrivateRadioButtonIcon-layer-68"
                    focusable="false"
                    role="presentation"
                    viewBox="0 0 24 24"
                  >
                    <path
                      d="M8.465 8.465C9.37 7.56 10.62 7 12 7C14.76 7 17 9.24 17 12C17 13.38 16.44 14.63 15.535 15.535C14.63 16.44 13.38 17 12 17C9.24 17 7 14.76 7 12C7 10.62 7.56 9.37 8.465 8.465Z"
                    />
                  </svg>
                </div>
              </span>
            </span>
            <span
              className="MuiTypography-root MuiFormControlLabel-label MuiTypography-body1"
            >
              <div>
                <span
                  className="color-box"
                  style={
                    Object {
                      "backgroundColor": "#69c",
                    }
                  }
                />
                Blue Force
              </div>
            </span>
          </label>
          <label
            className="MuiFormControlLabel-root"
          >
            <span
              aria-disabled={false}
              className="MuiButtonBase-root MuiIconButton-root PrivateSwitchBase-root-51 MuiRadio-root MuiRadio-colorSecondary MuiIconButton-colorSecondary"
              onBlur={[Function]}
              onDragLeave={[Function]}
              onFocus={[Function]}
              onKeyDown={[Function]}
              onKeyUp={[Function]}
              onMouseDown={[Function]}
              onMouseLeave={[Function]}
              onMouseUp={[Function]}
              onTouchEnd={[Function]}
              onTouchMove={[Function]}
              onTouchStart={[Function]}
              tabIndex={null}
            >
              <span
                className="MuiIconButton-label"
              >
                <input
                  checked={false}
                  className="PrivateSwitchBase-input-54"
                  name="perceivedForce"
                  onChange={[Function]}
                  type="radio"
                  value="red-force"
                />
                <div
                  className="PrivateRadioButtonIcon-root-67"
                >
                  <svg
                    aria-hidden="true"
                    className="MuiSvgIcon-root"
                    focusable="false"
                    role="presentation"
                    viewBox="0 0 24 24"
                  >
                    <path
                      d="M12 2C6.48 2 2 6.48 2 12s4.48 10 10 10 10-4.48 10-10S17.52 2 12 2zm0 18c-4.42 0-8-3.58-8-8s3.58-8 8-8 8 3.58 8 8-3.58 8-8 8z"
                    />
                  </svg>
                  <svg
                    aria-hidden="true"
                    className="MuiSvgIcon-root PrivateRadioButtonIcon-layer-68"
                    focusable="false"
                    role="presentation"
                    viewBox="0 0 24 24"
                  >
                    <path
                      d="M8.465 8.465C9.37 7.56 10.62 7 12 7C14.76 7 17 9.24 17 12C17 13.38 16.44 14.63 15.535 15.535C14.63 16.44 13.38 17 12 17C9.24 17 7 14.76 7 12C7 10.62 7.56 9.37 8.465 8.465Z"
                    />
                  </svg>
                </div>
              </span>
            </span>
            <span
              className="MuiTypography-root MuiFormControlLabel-label MuiTypography-body1"
            >
              <div>
                <span
                  className="color-box"
                  style={
                    Object {
                      "backgroundColor": "#f00",
                    }
                  }
                />
                Red Force
              </div>
            </span>
          </label>
          <label
            className="MuiFormControlLabel-root"
          >
            <span
              aria-disabled={false}
              className="MuiButtonBase-root MuiIconButton-root PrivateSwitchBase-root-51 MuiRadio-root MuiRadio-colorSecondary MuiIconButton-colorSecondary"
              onBlur={[Function]}
              onDragLeave={[Function]}
              onFocus={[Function]}
              onKeyDown={[Function]}
              onKeyUp={[Function]}
              onMouseDown={[Function]}
              onMouseLeave={[Function]}
              onMouseUp={[Function]}
              onTouchEnd={[Function]}
              onTouchMove={[Function]}
              onTouchStart={[Function]}
              tabIndex={null}
            >
              <span
                className="MuiIconButton-label"
              >
                <input
                  checked={false}
                  className="PrivateSwitchBase-input-54"
                  name="perceivedForce"
                  onChange={[Function]}
                  type="radio"
                  value="white-force"
                />
                <div
                  className="PrivateRadioButtonIcon-root-67"
                >
                  <svg
                    aria-hidden="true"
                    className="MuiSvgIcon-root"
                    focusable="false"
                    role="presentation"
                    viewBox="0 0 24 24"
                  >
                    <path
                      d="M12 2C6.48 2 2 6.48 2 12s4.48 10 10 10 10-4.48 10-10S17.52 2 12 2zm0 18c-4.42 0-8-3.58-8-8s3.58-8 8-8 8 3.58 8 8-3.58 8-8 8z"
                    />
                  </svg>
                  <svg
                    aria-hidden="true"
                    className="MuiSvgIcon-root PrivateRadioButtonIcon-layer-68"
                    focusable="false"
                    role="presentation"
                    viewBox="0 0 24 24"
                  >
                    <path
                      d="M8.465 8.465C9.37 7.56 10.62 7 12 7C14.76 7 17 9.24 17 12C17 13.38 16.44 14.63 15.535 15.535C14.63 16.44 13.38 17 12 17C9.24 17 7 14.76 7 12C7 10.62 7.56 9.37 8.465 8.465Z"
                    />
                  </svg>
                </div>
              </span>
            </span>
            <span
              className="MuiTypography-root MuiFormControlLabel-label MuiTypography-body1"
            >
              <div>
                <span
                  className="color-box"
                  style={
                    Object {
                      "backgroundColor": "#fff",
                    }
                  }
                />
                White Force
              </div>
            </span>
          </label>
        </div>
      </section>
      <section
        className="input-container"
      >
        <h2>
          Percieved Type
        </h2>
        <div
          className="MuiInputBase-root MuiInput-root MuiInput-underline"
          onClick={[Function]}
        >
          <select
            className="MuiNativeSelect-root MuiNativeSelect-select MuiInputBase-input MuiInput-input"
            id="perceivedType"
            onAnimationStart={[Function]}
            onBlur={[Function]}
            onChange={[Function]}
            onFocus={[Function]}
            value="frigate"
          >
            <option
              value="fishing-vessel"
            >
              Fishing vessel
            </option>
            <option
              value="frigate"
            >
              Frigate
            </option>
            <option
              value="boghammer"
            >
              Boghammer
            </option>
            <option
              value="torpedo"
            >
              Torpedo
            </option>
            <option
              value="fast-attack-craft"
            >
              Fast attack craft
            </option>
            <option
              value="mcmv"
            >
              Mcmv
            </option>
            <option
              value="helicopter"
            >
              Helicopter
            </option>
            <option
              value="fixed-wing-aircraft"
            >
              Fixed wing aircraft
            </option>
            <option
              value="coastal-radar-site"
            >
              Coastal radar site
            </option>
            <option
              value="merchant-vessel"
            >
              Merchant vessel
            </option>
          </select>
          <svg
            aria-hidden="true"
            className="MuiSvgIcon-root MuiNativeSelect-icon"
            focusable="false"
            role="presentation"
            viewBox="0 0 24 24"
          >
            <path
              d="M7 10l5 5 5-5z"
            />
          </svg>
        </div>
      </section>
    </fieldset>
    <button
      className="MuiButtonBase-root MuiButton-root MuiButton-text"
      disabled={false}
      onBlur={[Function]}
      onClick={[Function]}
      onDragLeave={[Function]}
      onFocus={[Function]}
      onKeyDown={[Function]}
      onKeyUp={[Function]}
      onMouseDown={[Function]}
      onMouseLeave={[Function]}
      onMouseUp={[Function]}
      onTouchEnd={[Function]}
      onTouchMove={[Function]}
      onTouchStart={[Function]}
      tabIndex={0}
      type="button"
    >
      <span
        className="MuiButton-label"
      >
        Save
      </span>
    </button>
  </div>
</div>
`
