// Jest Snapshot v1, https://goo.gl/fbAQLP

exports[`content renders correctly 1`] = `
<div
  className="main"
>
  Text
</div>
`;
