// Jest Snapshot v1, https://goo.gl/fbAQLP

exports[`GameSetup component: renders correctly 1`] = `
<div
  className="main"
>
  <div
    className="left-panel"
  >
    <a
      className="link main"
      href="#"
      onClick={[Function]}
    >
      <svg
        className="svg-inline--fa fa-arrow-left"
      />
    </a>
  </div>
  <div
    className="container"
  >
    <div
      className="header"
    >
      <div
        className="main"
      >
        <div
          className="input-box item"
        >
          <section
            className="input-container disable-offset underline"
          >
            <div
              className="MuiFormControl-root MuiTextField-root"
            >
              <div
                className="MuiInputBase-root MuiInput-root makeStyles-root-4 makeStyles-root-6 MuiInput-underline makeStyles-underline-5 makeStyles-underline-7 MuiInputBase-formControl MuiInput-formControl"
                onClick={[Function]}
              >
                <input
                  aria-invalid={false}
                  autoFocus={false}
                  className="MuiInputBase-input MuiInput-input"
                  disabled={false}
                  name=""
                  onAnimationStart={[Function]}
                  onBlur={[Function]}
                  onChange={[Function]}
                  onFocus={[Function]}
                  required={false}
                  type="text"
                  value="IMWARC-NewMap"
                />
              </div>
            </div>
          </section>
        </div>
        <div
          className="status item"
        >
          <svg
            className="svg-inline--fa fa-hourglass-start"
          />
           Wargame in progress
        </div>
      </div>
      <div
        className="main"
      >
        <div
          className="item"
          onClick={[Function]}
        >
          overview
        </div>
        <div
          className="item"
          onClick={[Function]}
        >
          platform types
        </div>
        <div
          className="item"
          onClick={[Function]}
        >
          forces
        </div>
        <div
          className="item active"
          onClick={[Function]}
        >
          channels
        </div>
        <div
          className="item"
          onClick={[Function]}
        >
          annotation icons
        </div>
      </div>
    </div>
    <div
      className="content"
    >
      <div
        className="main"
      >
        <div
          className="main"
        >
          <div
            className="left"
          >
            <div
              className="actions"
            >
              <div
                aria-label="split button"
                className="MuiButtonGroup-root MuiButtonGroup-contained"
                role="group"
              >
                <button
                  className="MuiButtonBase-root MuiButton-root MuiButton-contained MuiButtonGroup-grouped MuiButtonGroup-groupedHorizontal MuiButtonGroup-groupedContained MuiButtonGroup-groupedContainedHorizontal MuiButtonGroup-groupedContainedSecondary MuiButton-containedSecondary"
                  disabled={false}
                  onBlur={[Function]}
                  onClick={[Function]}
                  onDragLeave={[Function]}
                  onFocus={[Function]}
                  onKeyDown={[Function]}
                  onKeyUp={[Function]}
                  onMouseDown={[Function]}
                  onMouseLeave={[Function]}
                  onMouseUp={[Function]}
                  onTouchEnd={[Function]}
                  onTouchMove={[Function]}
                  onTouchStart={[Function]}
                  tabIndex={0}
                  type="button"
                >
                  <span
                    className="MuiButton-label"
                  >
                    ADD CHANNEL
                  </span>
                </button>
                <button
                  aria-haspopup="menu"
                  aria-label="select merge strategy"
                  className="MuiButtonBase-root MuiButton-root MuiButton-contained MuiButtonGroup-grouped MuiButtonGroup-groupedHorizontal MuiButtonGroup-groupedContained MuiButtonGroup-groupedContainedHorizontal MuiButtonGroup-groupedContainedSecondary MuiButton-containedSecondary MuiButton-containedSizeSmall MuiButton-sizeSmall"
                  disabled={false}
                  onBlur={[Function]}
                  onClick={[Function]}
                  onDragLeave={[Function]}
                  onFocus={[Function]}
                  onKeyDown={[Function]}
                  onKeyUp={[Function]}
                  onMouseDown={[Function]}
                  onMouseLeave={[Function]}
                  onMouseUp={[Function]}
                  onTouchEnd={[Function]}
                  onTouchMove={[Function]}
                  onTouchStart={[Function]}
                  tabIndex={0}
                  type="button"
                >
                  <span
                    className="MuiButton-label"
                  >
                    <svg
                      aria-hidden={true}
                      className="MuiSvgIcon-root"
                      focusable="false"
                      viewBox="0 0 24 24"
                    >
                      <path
                        d="M7 10l5 5 5-5z"
                      />
                    </svg>
                  </span>
                </button>
              </div>
            </div>
            <div
              className="main"
            >
              <div
                className="searchlist"
              >
                <section
                  className="input-container disable-offset fullwidth"
                >
                  <div
                    className="MuiFormControl-root MuiTextField-root MuiFormControl-fullWidth"
                  >
                    <div
                      className="MuiInputBase-root MuiInput-root makeStyles-root-4 makeStyles-root-8 MuiInput-underline makeStyles-underline-5 makeStyles-underline-9 MuiInputBase-fullWidth MuiInput-fullWidth MuiInputBase-formControl MuiInput-formControl"
                      onClick={[Function]}
                    >
                      <input
                        aria-invalid={false}
                        autoFocus={false}
                        className="MuiInputBase-input MuiInput-input"
                        disabled={false}
                        name=""
                        onAnimationStart={[Function]}
                        onBlur={[Function]}
                        onChange={[Function]}
                        onFocus={[Function]}
                        placeholder="Search"
                        required={false}
                        type="text"
                        value=""
                      />
                    </div>
                  </div>
                </section>
                <div
                  className="searchlist-list searchlist-list"
                >
                  <span
                    className="searchlist-row active"
                    onClick={[Function]}
                  >
                    <span>
                      Channel 16
                    </span>
                    <div
                      className="searchlist-menu"
                    />
                  </span>
                  <span
                    className="searchlist-row "
                    onClick={[Function]}
                  >
                    <span>
                      Blue Net
                    </span>
                    <div
                      className="searchlist-menu"
                    />
                  </span>
                  <span
                    className="searchlist-row "
                    onClick={[Function]}
                  >
                    <span>
                      Mapping
                    </span>
                    <div
                      className="searchlist-menu"
                    />
                  </span>
                </div>
              </div>
            </div>
          </div>
          <div
            className="right"
          >
            <div>
              <div
                className="row"
              >
                <div
                  className="col"
                >
                  <section
                    className="input-container disable-offset"
                  >
                    <div
                      className="MuiFormControl-root MuiTextField-root"
                    >
                      <div
                        className="MuiInputBase-root MuiInput-root makeStyles-root-4 makeStyles-root-10 MuiInput-underline makeStyles-underline-5 makeStyles-underline-11 MuiInputBase-formControl MuiInput-formControl"
                        onClick={[Function]}
                      >
                        <input
                          aria-invalid={false}
                          autoFocus={false}
                          className="MuiInputBase-input MuiInput-input"
                          disabled={false}
                          name=""
                          onAnimationStart={[Function]}
                          onBlur={[Function]}
                          onChange={[Function]}
                          onFocus={[Function]}
                          required={false}
                          type="text"
                          value="Channel 16"
                        />
                      </div>
                    </div>
                  </section>
                </div>
                <div
                  className="actions"
                >
                  <button
                    className="MuiButtonBase-root MuiButton-root makeStyles-root-12 makeStyles-root-14 MuiButton-contained makeStyles-contained-13 makeStyles-contained-15 MuiButton-containedSecondary"
                    data-qa-type="save"
                    disabled={false}
                    onBlur={[Function]}
                    onClick={[Function]}
                    onDragLeave={[Function]}
                    onFocus={[Function]}
                    onKeyDown={[Function]}
                    onKeyUp={[Function]}
                    onMouseDown={[Function]}
                    onMouseLeave={[Function]}
                    onMouseUp={[Function]}
                    onTouchEnd={[Function]}
                    onTouchMove={[Function]}
                    onTouchStart={[Function]}
                    tabIndex={0}
                    type="button"
                  >
                    <span
                      className="MuiButton-label"
                    >
                      Save Channel
                    </span>
                  </button>
                </div>
              </div>
              <div
                className="row"
              >
                <div
                  className="col section table"
                >
                  <div
                    className="main"
                  >
                    <div
                      className="placeholder"
                    >
                      Participants and messages
                    </div>
                    <div
                      className="content"
                    >
                      <div
                        className="MuiPaper-root MuiTableContainer-root MuiPaper-elevation1 MuiPaper-rounded"
                      >
                        <table
                          aria-label="simple table"
                          className="MuiTable-root"
                          role={null}
                        >
                          <thead
                            className="MuiTableHead-root"
                            role={null}
                          >
                            <tr
                              className="MuiTableRow-root MuiTableRow-head"
                              role={null}
                            >
                              <th
                                aria-sort={null}
                                className="MuiTableCell-root MuiTableCell-head"
                                scope="col"
                              >
                                Force
                              </th>
                              <th
                                aria-sort={null}
                                className="MuiTableCell-root MuiTableCell-head MuiTableCell-alignLeft"
                                scope="col"
                              >
                                Restrict access to specific roles
                              </th>
                              <th
                                aria-sort={null}
                                className="MuiTableCell-root MuiTableCell-head MuiTableCell-alignRight"
                                scope="col"
                              >
                                Actions
                              </th>
                            </tr>
                          </thead>
                          <tbody
                            className="MuiTableBody-root"
                            role={null}
                          >
                            <tr>
                              <td
                                className="td"
                              >
                                <div
                                  className="input-box cells list"
                                >
                                  <div>
                                    White
                                  </div>
                                </div>
                              </td>
                              <td
                                className="td"
                              >
                                <div
                                  className="input-box cells list"
                                >
                                  All roles
                                </div>
                              </td>
                              <td
                                className="td"
                              >
                                <div
                                  className="input-box cells list"
                                >
                                  Chat if empty
                                </div>
                              </td>
                              <td
                                align="right"
                                className="td"
                              >
                                <span
                                  aria-disabled={false}
                                  aria-label="upload picture"
                                  className="MuiButtonBase-root MuiIconButton-root MuiIconButton-sizeSmall"
                                  onBlur={[Function]}
                                  onClick={[Function]}
                                  onDragLeave={[Function]}
                                  onFocus={[Function]}
                                  onKeyDown={[Function]}
                                  onKeyUp={[Function]}
                                  onMouseDown={[Function]}
                                  onMouseLeave={[Function]}
                                  onMouseUp={[Function]}
                                  onTouchEnd={[Function]}
                                  onTouchMove={[Function]}
                                  onTouchStart={[Function]}
                                  role="button"
                                  tabIndex={0}
                                >
                                  <span
                                    className="MuiIconButton-label"
                                  >
                                    <svg
                                      className="svg-inline--fa fa-pencil-alt"
                                    />
                                  </span>
                                </span>
                                <span
                                  aria-disabled={false}
                                  aria-label="upload picture"
                                  className="MuiButtonBase-root MuiIconButton-root MuiIconButton-sizeSmall"
                                  onBlur={[Function]}
                                  onClick={[Function]}
                                  onDragLeave={[Function]}
                                  onFocus={[Function]}
                                  onKeyDown={[Function]}
                                  onKeyUp={[Function]}
                                  onMouseDown={[Function]}
                                  onMouseLeave={[Function]}
                                  onMouseUp={[Function]}
                                  onTouchEnd={[Function]}
                                  onTouchMove={[Function]}
                                  onTouchStart={[Function]}
                                  role="button"
                                  tabIndex={0}
                                >
                                  <span
                                    className="MuiIconButton-label"
                                  >
                                    <svg
                                      className="svg-inline--fa fa-trash"
                                    />
                                  </span>
                                </span>
                              </td>
                            </tr>
                            <tr>
                              <td
                                className="td"
                              >
                                <div
                                  className="input-box cells list"
                                >
                                  <div>
                                    Red
                                  </div>
                                </div>
                              </td>
                              <td
                                className="td"
                              >
                                <div
                                  className="input-box cells list"
                                >
                                  All roles
                                </div>
                              </td>
                              <td
                                className="td"
                              >
                                <div
                                  className="input-box cells list"
                                >
                                  Chat if empty
                                </div>
                              </td>
                              <td
                                align="right"
                                className="td"
                              >
                                <span
                                  aria-disabled={false}
                                  aria-label="upload picture"
                                  className="MuiButtonBase-root MuiIconButton-root MuiIconButton-sizeSmall"
                                  onBlur={[Function]}
                                  onClick={[Function]}
                                  onDragLeave={[Function]}
                                  onFocus={[Function]}
                                  onKeyDown={[Function]}
                                  onKeyUp={[Function]}
                                  onMouseDown={[Function]}
                                  onMouseLeave={[Function]}
                                  onMouseUp={[Function]}
                                  onTouchEnd={[Function]}
                                  onTouchMove={[Function]}
                                  onTouchStart={[Function]}
                                  role="button"
                                  tabIndex={0}
                                >
                                  <span
                                    className="MuiIconButton-label"
                                  >
                                    <svg
                                      className="svg-inline--fa fa-pencil-alt"
                                    />
                                  </span>
                                </span>
                                <span
                                  aria-disabled={false}
                                  aria-label="upload picture"
                                  className="MuiButtonBase-root MuiIconButton-root MuiIconButton-sizeSmall"
                                  onBlur={[Function]}
                                  onClick={[Function]}
                                  onDragLeave={[Function]}
                                  onFocus={[Function]}
                                  onKeyDown={[Function]}
                                  onKeyUp={[Function]}
                                  onMouseDown={[Function]}
                                  onMouseLeave={[Function]}
                                  onMouseUp={[Function]}
                                  onTouchEnd={[Function]}
                                  onTouchMove={[Function]}
                                  onTouchStart={[Function]}
                                  role="button"
                                  tabIndex={0}
                                >
                                  <span
                                    className="MuiIconButton-label"
                                  >
                                    <svg
                                      className="svg-inline--fa fa-trash"
                                    />
                                  </span>
                                </span>
                              </td>
                            </tr>
                            <tr>
                              <td
                                className="td"
                              >
                                <div
                                  className="input-box cells list"
                                >
                                  <div>
                                    Blue
                                  </div>
                                </div>
                              </td>
                              <td
                                className="td"
                              >
                                <div
                                  className="input-box cells list"
                                >
                                  All roles
                                </div>
                              </td>
                              <td
                                className="td"
                              >
                                <div
                                  className="input-box cells list"
                                >
                                  Chat if empty
                                </div>
                              </td>
                              <td
                                align="right"
                                className="td"
                              >
                                <span
                                  aria-disabled={false}
                                  aria-label="upload picture"
                                  className="MuiButtonBase-root MuiIconButton-root MuiIconButton-sizeSmall"
                                  onBlur={[Function]}
                                  onClick={[Function]}
                                  onDragLeave={[Function]}
                                  onFocus={[Function]}
                                  onKeyDown={[Function]}
                                  onKeyUp={[Function]}
                                  onMouseDown={[Function]}
                                  onMouseLeave={[Function]}
                                  onMouseUp={[Function]}
                                  onTouchEnd={[Function]}
                                  onTouchMove={[Function]}
                                  onTouchStart={[Function]}
                                  role="button"
                                  tabIndex={0}
                                >
                                  <span
                                    className="MuiIconButton-label"
                                  >
                                    <svg
                                      className="svg-inline--fa fa-pencil-alt"
                                    />
                                  </span>
                                </span>
                                <span
                                  aria-disabled={false}
                                  aria-label="upload picture"
                                  className="MuiButtonBase-root MuiIconButton-root MuiIconButton-sizeSmall"
                                  onBlur={[Function]}
                                  onClick={[Function]}
                                  onDragLeave={[Function]}
                                  onFocus={[Function]}
                                  onKeyDown={[Function]}
                                  onKeyUp={[Function]}
                                  onMouseDown={[Function]}
                                  onMouseLeave={[Function]}
                                  onMouseUp={[Function]}
                                  onTouchEnd={[Function]}
                                  onTouchMove={[Function]}
                                  onTouchStart={[Function]}
                                  role="button"
                                  tabIndex={0}
                                >
                                  <span
                                    className="MuiIconButton-label"
                                  >
                                    <svg
                                      className="svg-inline--fa fa-trash"
                                    />
                                  </span>
                                </span>
                              </td>
                            </tr>
                          </tbody>
                          <tfoot
                            className="MuiTableFooter-root"
                            role={null}
                          >
                            <tr>
                              <td
                                className="td"
                              >
                                <div
                                  className="input-box cells"
                                >
                                  <div
                                    className="MuiFormControl-root"
                                  >
                                    <div
                                      className="MuiInputBase-root MuiInput-root MuiInput-underline MuiInputBase-formControl MuiInput-formControl"
                                      onClick={[Function]}
                                    >
                                      <div
                                        aria-haspopup="listbox"
                                        aria-labelledby="mui-component-select-forces"
                                        className="MuiSelect-root MuiSelect-select MuiSelect-selectMenu MuiInputBase-input MuiInput-input"
                                        id="mui-component-select-forces"
                                        onBlur={[Function]}
                                        onFocus={[Function]}
                                        onKeyDown={[Function]}
                                        onMouseDown={[Function]}
                                        role="button"
                                        tabIndex={0}
                                      >
                                        White
                                      </div>
                                      <input
                                        aria-hidden={true}
                                        className="MuiSelect-nativeInput"
                                        name="forces"
                                        onAnimationStart={[Function]}
                                        onChange={[Function]}
                                        required={false}
                                        tabIndex={-1}
                                        value="0"
                                      />
                                      <svg
                                        aria-hidden={true}
                                        className="MuiSvgIcon-root MuiSelect-icon"
                                        focusable="false"
                                        viewBox="0 0 24 24"
                                      >
                                        <path
                                          d="M7 10l5 5 5-5z"
                                        />
                                      </svg>
                                    </div>
                                  </div>
                                </div>
                              </td>
                              <td
                                className="td"
                              >
                                <div
                                  className="input-box cells"
                                >
                                  <div
                                    className="MuiFormControl-root"
                                  >
                                    <div
                                      className="MuiInputBase-root MuiInput-root MuiInput-underline MuiInputBase-formControl MuiInput-formControl"
                                      onClick={[Function]}
                                    >
                                      <div
                                        aria-haspopup="listbox"
                                        aria-labelledby="mui-component-select-access"
                                        className="MuiSelect-root MuiSelect-select MuiSelect-selectMenu MuiInputBase-input MuiInput-input"
                                        id="mui-component-select-access"
                                        onBlur={[Function]}
                                        onFocus={[Function]}
                                        onKeyDown={[Function]}
                                        onMouseDown={[Function]}
                                        role="button"
                                        tabIndex={0}
                                      >
                                        <div>
                                          All roles
                                        </div>
                                      </div>
                                      <input
                                        aria-hidden={true}
                                        className="MuiSelect-nativeInput"
                                        name="access"
                                        onAnimationStart={[Function]}
                                        onChange={[Function]}
                                        required={false}
                                        tabIndex={-1}
                                        value=""
                                      />
                                      <svg
                                        aria-hidden={true}
                                        className="MuiSvgIcon-root MuiSelect-icon"
                                        focusable="false"
                                        viewBox="0 0 24 24"
                                      >
                                        <path
                                          d="M7 10l5 5 5-5z"
                                        />
                                      </svg>
                                    </div>
                                  </div>
                                </div>
                              </td>
                              <td
                                className="td"
                              >
                                <div
                                  className="input-box cells"
                                >
                                  <div
                                    className="MuiFormControl-root"
                                  >
                                    <div
                                      className="MuiInputBase-root MuiInput-root MuiInput-underline MuiInputBase-formControl MuiInput-formControl"
                                      onClick={[Function]}
                                    >
                                      <div
                                        aria-haspopup="listbox"
                                        aria-labelledby="mui-component-select-templates"
                                        className="MuiSelect-root MuiSelect-select MuiSelect-selectMenu MuiInputBase-input MuiInput-input"
                                        id="mui-component-select-templates"
                                        onBlur={[Function]}
                                        onFocus={[Function]}
                                        onKeyDown={[Function]}
                                        onMouseDown={[Function]}
                                        role="button"
                                        tabIndex={0}
                                      >
                                        <div>
                                          Chat if empty
                                        </div>
                                      </div>
                                      <input
                                        aria-hidden={true}
                                        className="MuiSelect-nativeInput"
                                        name="templates"
                                        onAnimationStart={[Function]}
                                        onChange={[Function]}
                                        required={false}
                                        tabIndex={-1}
                                        value=""
                                      />
                                      <svg
                                        aria-hidden={true}
                                        className="MuiSvgIcon-root MuiSelect-icon"
                                        focusable="false"
                                        viewBox="0 0 24 24"
                                      >
                                        <path
                                          d="M7 10l5 5 5-5z"
                                        />
                                      </svg>
                                    </div>
                                  </div>
                                </div>
                              </td>
                              <td
                                align="right"
                                className="td"
                              >
                                <span
                                  aria-disabled={false}
                                  aria-label="upload picture"
                                  className="MuiButtonBase-root MuiIconButton-root MuiIconButton-sizeSmall"
                                  onBlur={[Function]}
                                  onClick={[Function]}
                                  onDragLeave={[Function]}
                                  onFocus={[Function]}
                                  onKeyDown={[Function]}
                                  onKeyUp={[Function]}
                                  onMouseDown={[Function]}
                                  onMouseLeave={[Function]}
                                  onMouseUp={[Function]}
                                  onTouchEnd={[Function]}
                                  onTouchMove={[Function]}
                                  onTouchStart={[Function]}
                                  role="button"
                                  tabIndex={0}
                                >
                                  <span
                                    className="MuiIconButton-label"
                                  >
                                    <svg
                                      className="svg-inline--fa fa-undo-alt"
                                    />
                                  </span>
                                </span>
                                <span
                                  aria-disabled={false}
                                  aria-label="upload picture"
                                  className="MuiButtonBase-root MuiIconButton-root MuiIconButton-sizeSmall"
                                  onBlur={[Function]}
                                  onClick={[Function]}
                                  onDragLeave={[Function]}
                                  onFocus={[Function]}
                                  onKeyDown={[Function]}
                                  onKeyUp={[Function]}
                                  onMouseDown={[Function]}
                                  onMouseLeave={[Function]}
                                  onMouseUp={[Function]}
                                  onTouchEnd={[Function]}
                                  onTouchMove={[Function]}
                                  onTouchStart={[Function]}
                                  role="button"
                                  tabIndex={0}
                                >
                                  <span
                                    className="MuiIconButton-label"
                                  >
                                    <svg
                                      className="svg-inline--fa fa-check"
                                    />
                                  </span>
                                </span>
                              </td>
                            </tr>
                          </tfoot>
                        </table>
                      </div>
                    </div>
                  </div>
                </div>
              </div>
            </div>
          </div>
        </div>
      </div>
    </div>
  </div>
</div>
`;
