// Jest Snapshot v1, https://goo.gl/fbAQLP

exports[`ChannelMessageDetail: renders correctly 1`] = `
<div
  className="main"
>
  <div
    className="main theme-dark disabled"
  >
    <label
      htmlFor="question_2020-03-25T15:08:47.525Z"
    >
      Request
    </label>
    <textarea
      disabled={true}
      id="question_2020-03-25T15:08:47.525Z"
      onChange={[Function]}
      value="[message empty]"
    />
  </div>
  <div
    className="main theme-dark disabled"
  >
    <label
      htmlFor="answer_2020-03-25T15:08:47.525Z"
    >
      Answer
    </label>
    <textarea
      disabled={true}
      id="answer_2020-03-25T15:08:47.525Z"
      onChange={[Function]}
      value=""
    />
  </div>
  <div
    className="main theme-dark disabled"
  >
    <label
      htmlFor="private_message_2020-03-25T15:08:47.525Z"
    >
      <svg
        className="svg-inline--fa fa-user-secret"
      />
       
      Private Message
    </label>
    <textarea
      disabled={true}
      id="private_message_2020-03-25T15:08:47.525Z"
      onChange={[Function]}
      value=""
    />
  </div>
  <div
    className="actions"
  >
    <button
      className="MuiButtonBase-root MuiButton-root makeStyles-root-1 makeStyles-root-3 MuiButton-contained makeStyles-contained-2 makeStyles-contained-4 MuiButton-containedSizeSmall MuiButton-sizeSmall"
      disabled={false}
      onBlur={[Function]}
      onClick={[Function]}
      onDragLeave={[Function]}
      onFocus={[Function]}
      onKeyDown={[Function]}
      onKeyUp={[Function]}
      onMouseDown={[Function]}
      onMouseLeave={[Function]}
      onMouseUp={[Function]}
      onTouchEnd={[Function]}
      onTouchMove={[Function]}
      onTouchStart={[Function]}
      tabIndex={0}
      type="button"
    >
      <span
        className="MuiButton-label"
      >
        Take Ownership
      </span>
    </button>
  </div>
</div>
`;
