// Jest Snapshot v1, https://goo.gl/fbAQLP

exports['Mapping renders correctly with Route 1'] = 'ReactWrapper {}'
