// Jest Snapshot v1, https://goo.gl/fbAQLP

exports[`GameTitle component: renders correctly 1`] = `
<div
  className="wargame-row"
>
  <svg
    className="svg-inline--fa fa-eye"
  />
  <span
    className="wargame-title"
    onClick={[Function]}
  >
    <span
      className="wargame-unstarted-highlight"
    >
      Â 
    </span>
    <span
      title="http://localhost/imwarc"
    >
      IMWARC-New
    </span>
  </span>
</div>
`;
