// Jest Snapshot v1, https://goo.gl/fbAQLP

exports[`AdminLayout renders correctly 1`] = `
<div
  className="main"
>
  <div
    className="left-panel"
  >
    <a
      className="link main"
      href="#"
      onClick={[Function]}
    >
      <svg
        className="svg-inline--fa fa-arrow-left"
      />
    </a>
  </div>
  <div
    className="container"
  >
    <div
      className="header"
    >
      <div
        className="main"
      >
        <div
          className="input-box item"
        >
          <section
            className="input-container disable-offset underline"
          >
            <div
              className="MuiFormControl-root MuiTextField-root"
            >
              <div
                className="MuiInputBase-root MuiInput-root makeStyles-root-4 makeStyles-root-6 MuiInput-underline makeStyles-underline-5 makeStyles-underline-7 MuiInputBase-formControl MuiInput-formControl"
                onClick={[Function]}
              >
                <input
                  aria-invalid={false}
                  autoFocus={false}
                  className="MuiInputBase-input MuiInput-input"
                  disabled={false}
                  name=""
                  onAnimationStart={[Function]}
                  onBlur={[Function]}
                  onChange={[Function]}
                  onFocus={[Function]}
                  required={false}
                  type="text"
                  value="Task-Group"
                />
              </div>
            </div>
          </section>
        </div>
      </div>
    </div>
    <div
      className="content"
    >
      Content
    </div>
  </div>
</div>
`;
